---
source: crates/cfn-lsp/src/queries.rs
expression: refs
---
- typ:
    If:
      target: IsProduction
  start:
    line: 27
    col: 12
  end:
    line: 27
    col: 24
- typ:
    If:
      target: IsProduction
  start:
    line: 31
    col: 21
  end:
    line: 31
    col: 33
- typ:
    If:
      target: IsDevelopment
  start:
    line: 37
    col: 10
  end:
    line: 37
    col: 23
- typ:
    If:
      target: CreateBucket
  start:
    line: 44
    col: 15
  end:
    line: 44
    col: 27
- typ:
    If:
      target: IsProduction
  start:
    line: 47
    col: 16
  end:
    line: 47
    col: 28
