---
source: crates/cfn-lsp/src/queries.rs
expression: refs
---
- typ:
    Ref:
      target: MyParameter
  start:
    line: 7
    col: 24
  end:
    line: 7
    col: 35
